Copyright 1986-2016 Xilinx, Inc. All Rights Reserved.
------------------------------------------------------------------------------------
| Tool Version : Vivado v.2016.1 (win64) Build 1538259 Fri Apr  8 15:45:27 MDT 2016
| Date         : Thu Dec 07 15:14:15 2017
| Host         : DESKTOP-8T38IV2 running 64-bit major release  (build 9200)
| Command      : report_drc -file please_drc_routed.rpt -pb please_drc_routed.pb
| Design       : please
| Device       : xc7a100tcsg324-1
| Speed File   : -1
------------------------------------------------------------------------------------

Report DRC

Table of Contents
-----------------
1. REPORT SUMMARY
2. REPORT DETAILS

1. REPORT SUMMARY
-----------------
            Netlist: netlist
          Floorplan: design_1
      Design limits: <entire design considered>
           Ruledeck: default
             Max violations: <unlimited>
             Violations found: 1

2. REPORT DETAILS
-----------------
PLIO-7#1 Warning
Placement Constraints Check for IO constraints  
An IO Bus SW[15:0] with more than one IO standard is found. Components associated with this bus are: LVCMOS18 (SW[9], SW[8]); LVCMOS33 (SW[15], SW[14], SW[13], SW[12], SW[11], SW[10], SW[7], SW[6], SW[5], SW[4], SW[3], SW[2], SW[1], SW[0]); 
Related violations: <none>


