18:29:05 **** Incremental Build of configuration Debug for project microblaze ****
make all 
make: No se hace nada para `all'.
18:29:40 **** Incremental Build of configuration Debug for project microblaze ****
make all 
make: No se hace nada para `all'.
18:29:47 **** Incremental Build of configuration Debug for project microblaze ****
make all 
make: No se hace nada para `all'.
18:30:55 **** Incremental Build of configuration Debug for project microblaze ****
make all 
make: No se hace nada para `all'.
18:32:36 **** Incremental Build of configuration Debug for project microblaze ****
make all 
make: No se hace nada para `all'.
18:33:00 **** Incremental Build of configuration Debug for project microblaze ****
make all 
make: No se hace nada para `all'.
18:33:58 **** Incremental Build of configuration Debug for project microblaze ****
make all 
make: No se hace nada para `all'.
18:34:19 **** Incremental Build of configuration Debug for project microblaze ****
make all 
make: No se hace nada para `all'.
18:34:27 **** Incremental Build of configuration Debug for project microblaze ****
make all 
make: No se hace nada para `all'.
18:34:46 **** Incremental Build of configuration Debug for project microblaze ****
make all 
make: No se hace nada para `all'.
18:37:17 **** Incremental Build of configuration Debug for project microblaze ****
make all 
make: No se hace nada para `all'.
18:56:55 **** Clean-only build of project microblaze_bsp ****
make -k clean 
rm -f microblaze_0/lib/libxil.a
18:56:55 **** Clean-only build of configuration Debug for project microblaze ****
make clean 
rm -rf  ./src/helloworld.o ./src/platform.o  ./src/helloworld.d ./src/platform.d  microblaze.elf.size  microblaze.elf
' '
18:56:56 **** Build of project microblaze_bsp ****
make -k all 
"Running Make include in microblaze_0/libsrc/bram_v4_1/src"
make -C microblaze_0/libsrc/bram_v4_1/src -s include  "SHELL=CMD" "COMPILER=mb-gcc" "ARCHIVER=mb-ar" "COMPILER_FLAGS= -O2 -c -mcpu=v9.6 -mlittle-endian -mxl-soft-mul" "EXTRA_COMPILER_FLAGS=-g"
"Running Make include in microblaze_0/libsrc/cpu_v2_4/src"
make -C microblaze_0/libsrc/cpu_v2_4/src -s include  "SHELL=CMD" "COMPILER=mb-gcc" "ARCHIVER=mb-ar" "COMPILER_FLAGS= -O2 -c -mcpu=v9.6 -mlittle-endian -mxl-soft-mul" "EXTRA_COMPILER_FLAGS=-g"
"Running Make include in microblaze_0/libsrc/gpio_v4_1/src"
make -C microblaze_0/libsrc/gpio_v4_1/src -s include  "SHELL=CMD" "COMPILER=mb-gcc" "ARCHIVER=mb-ar" "COMPILER_FLAGS= -O2 -c -mcpu=v9.6 -mlittle-endian -mxl-soft-mul" "EXTRA_COMPILER_FLAGS=-g"
"Running Make include in microblaze_0/libsrc/standalone_v5_4/src"
make -C microblaze_0/libsrc/standalone_v5_4/src -s include  "SHELL=CMD" "COMPILER=mb-gcc" "ARCHIVER=mb-ar" "COMPILER_FLAGS= -O2 -c -mcpu=v9.6 -mlittle-endian -mxl-soft-mul" "EXTRA_COMPILER_FLAGS=-g"
"Running Make include in microblaze_0/libsrc/uartlite_v3_2/src"
make -C microblaze_0/libsrc/uartlite_v3_2/src -s include  "SHELL=CMD" "COMPILER=mb-gcc" "ARCHIVER=mb-ar" "COMPILER_FLAGS= -O2 -c -mcpu=v9.6 -mlittle-endian -mxl-soft-mul" "EXTRA_COMPILER_FLAGS=-g"
"Running Make libs in microblaze_0/libsrc/bram_v4_1/src"
make -C microblaze_0/libsrc/bram_v4_1/src -s libs  "SHELL=CMD" "COMPILER=mb-gcc" "ARCHIVER=mb-ar" "COMPILER_FLAGS= -O2 -c -mcpu=v9.6 -mlittle-endian -mxl-soft-mul" "EXTRA_COMPILER_FLAGS=-g"
"Compiling bram"
mb-ar: creating ../../../lib/libxil.a
"Running Make libs in microblaze_0/libsrc/cpu_v2_4/src"
make -C microblaze_0/libsrc/cpu_v2_4/src -s libs  "SHELL=CMD" "COMPILER=mb-gcc" "ARCHIVER=mb-ar" "COMPILER_FLAGS= -O2 -c -mcpu=v9.6 -mlittle-endian -mxl-soft-mul" "EXTRA_COMPILER_FLAGS=-g"
"Compiling cpu"
"Running Make libs in microblaze_0/libsrc/gpio_v4_1/src"
make -C microblaze_0/libsrc/gpio_v4_1/src -s libs  "SHELL=CMD" "COMPILER=mb-gcc" "ARCHIVER=mb-ar" "COMPILER_FLAGS= -O2 -c -mcpu=v9.6 -mlittle-endian -mxl-soft-mul" "EXTRA_COMPILER_FLAGS=-g"
"Compiling gpio"
"Running Make libs in microblaze_0/libsrc/standalone_v5_4/src"
make -C microblaze_0/libsrc/standalone_v5_4/src -s libs  "SHELL=CMD" "COMPILER=mb-gcc" "ARCHIVER=mb-ar" "COMPILER_FLAGS= -O2 -c -mcpu=v9.6 -mlittle-endian -mxl-soft-mul" "EXTRA_COMPILER_FLAGS=-g"
"Compiling standalone";
"Running Make libs in microblaze_0/libsrc/uartlite_v3_2/src"
make -C microblaze_0/libsrc/uartlite_v3_2/src -s libs  "SHELL=CMD" "COMPILER=mb-gcc" "ARCHIVER=mb-ar" "COMPILER_FLAGS= -O2 -c -mcpu=v9.6 -mlittle-endian -mxl-soft-mul" "EXTRA_COMPILER_FLAGS=-g"
"Compiling uartlite"
'Finished building libraries'
18:57:02 **** Build of configuration Debug for project microblaze ****
make all 
'Building file: ../src/helloworld.c'
'Invoking: MicroBlaze gcc compiler'
mb-gcc -Wall -O0 -g3 -c -fmessage-length=0 -MT"src/helloworld.o" -I../../microblaze_bsp/microblaze_0/include -mlittle-endian -mcpu=v9.6 -mxl-soft-mul -Wl,--no-relax -MMD -MP -MF"src/helloworld.d" -MT"src/helloworld.o" -o "src/helloworld.o" "../src/helloworld.c"
../src/helloworld.c: In function 'main':
../src/helloworld.c:101:9: warning: pointer targets in passing argument 1 of 'strcpy' differ in signedness [-Wpointer-sign]
  strcpy(SendBuffer,"_basura_");
         ^
In file included from c:\xilinx\sdk\2016.1\gnu\microblaze\nt\microblaze-xilinx-elf\include\stdio.h:29:0,
                 from ../src/helloworld.c:1:
c:\xilinx\sdk\2016.1\gnu\microblaze\nt\microblaze-xilinx-elf\include\string.h:30:8: note: expected 'char * restrict' but argument is of type 'u8 * {aka unsigned char *}'
 char  *_EXFUN(strcpy,(char *__restrict, const char *__restrict));
        ^
../src/helloworld.c:107:43: warning: passing argument 2 of 'XUartLite_Recv' from incompatible pointer type [-Wincompatible-pointer-types]
    ReceivedCount=XUartLite_Recv(&UartLite,&RecvBuffer,1);
                                           ^
In file included from ../src/helloworld.c:10:0:
../../microblaze_bsp/microblaze_0/include/xuartlite.h:252:14: note: expected 'u8 * {aka unsigned char *}' but argument is of type 'u8 (*)[16] {aka unsigned char (*)[16]}'
 unsigned int XUartLite_Recv(XUartLite *InstancePtr, u8 *DataBufferPtr,
              ^
../src/helloworld.c:59:15: warning: variable 'SentCount' set but not used [-Wunused-but-set-variable]
  unsigned int SentCount;
               ^
'Finished building: ../src/helloworld.c'
' '
'Building file: ../src/platform.c'
'Invoking: MicroBlaze gcc compiler'
mb-gcc -Wall -O0 -g3 -c -fmessage-length=0 -MT"src/platform.o" -I../../microblaze_bsp/microblaze_0/include -mlittle-endian -mcpu=v9.6 -mxl-soft-mul -Wl,--no-relax -MMD -MP -MF"src/platform.d" -MT"src/platform.o" -o "src/platform.o" "../src/platform.c"
'Finished building: ../src/platform.c'
' '
'Building target: microblaze.elf'
'Invoking: MicroBlaze gcc linker'
mb-gcc -Wl,-T -Wl,../src/lscript.ld -L../../microblaze_bsp/microblaze_0/lib -mlittle-endian -mcpu=v9.6 -mxl-soft-mul -Wl,--no-relax -o "microblaze.elf"  ./src/helloworld.o ./src/platform.o   -Wl,--start-group,-lxil,-lgcc,-lc,--end-group
'Finished building target: microblaze.elf'
' '
'Invoking: MicroBlaze Print Size'
mb-size microblaze.elf  |tee "microblaze.elf.size"
   text	   data	    bss	    dec	    hex	filename
   7500	    320	   3244	  11064	   2b38	microblaze.elf
'Finished building: microblaze.elf.size'
' '
18:57:34 **** Incremental Build of configuration Debug for project microblaze ****
make all 
make: No se hace nada para `all'.
18:58:13 **** Incremental Build of configuration Debug for project microblaze ****
make all 
make: No se hace nada para `all'.
18:58:22 **** Incremental Build of configuration Debug for project microblaze ****
make all 
make: No se hace nada para `all'.
18:58:28 **** Incremental Build of configuration Debug for project microblaze ****
make all 
make: No se hace nada para `all'.
18:58:36 **** Incremental Build of configuration Debug for project microblaze ****
make all 
make: No se hace nada para `all'.
18:58:45 **** Incremental Build of configuration Debug for project microblaze ****
make all 
make: No se hace nada para `all'.
18:58:51 **** Incremental Build of configuration Debug for project microblaze ****
make all 
make: No se hace nada para `all'.
18:58:54 **** Incremental Build of configuration Debug for project microblaze ****
make all 
make: No se hace nada para `all'.
18:59:31 **** Incremental Build of configuration Debug for project microblaze ****
make all 
make: No se hace nada para `all'.
